================================================================================
Phase 5 ¡ª Online (streaming) vs Offline (batch) per-drone LoRA
================================================================================
  20 drones

  [ 1/20] 2025-04-23_12-51-21  frozen=0.440 online=0.463 offline=0.887
  [ 2/20] 2025-04-30_10-24-44  frozen=1.205 online=1.165 offline=3.869
  [ 3/20] 2025-04-30_17-08-44  frozen=0.370 online=0.375 offline=0.582
  [ 4/20] 2025-04-05_11-40-04  frozen=0.352 online=0.331 offline=1.185
  [ 5/20] 2025-04-24_09-27-51  frozen=0.516 online=0.528 offline=1.054
  [ 6/20] 2025-04-08_11-28-21  frozen=0.323 online=0.276 offline=1.373
  [ 7/20] 2025-04-06_11-05-05  frozen=0.371 online=0.337 offline=2.613
  [ 8/20] 2025-04-17_11-13-53  frozen=0.401 online=0.401 offline=3.329
  [ 9/20] 2025-04-19_10-00-10  frozen=1.382 online=1.368 offline=1.797
  [10/20] 2025-04-25_16-19-12  frozen=0.746 online=0.749 offline=1.680
  [11/20] 2025-04-23_15-48-15  frozen=1.095 online=1.086 offline=2.984
  [12/20] 2025-04-24_10-00-13  frozen=0.610 online=0.603 offline=1.625
  [13/20] 2025-04-20_09-57-01  frozen=0.604 online=0.532 offline=0.651
  [14/20] 2025-04-11_08-52-12  frozen=0.397 online=0.362 offline=1.222
  [15/20] 2025-04-30_15-32-43  frozen=0.481 online=0.475 offline=0.739
  [16/20] 2025-04-28_16-00-28  frozen=0.770 online=0.703 offline=2.010
  [17/20] 2025-04-17_10-47-58  frozen=0.394 online=0.390 offline=3.222
  [18/20] 2025-04-28_10-54-22  frozen=0.241 online=0.267 offline=2.202
  [19/20] 2025-04-28_15-49-04  frozen=1.214 online=1.218 offline=1.897
  [20/20] 2025-04-20_09-33-05  frozen=0.503 online=0.482 offline=2.614

================================================================================
ONLINE vs OFFLINE (20 drones)
================================================================================
  arm        mean FDE     vs frozen    wins/frozen 
  frozen     0.6207       ¡ª           
  online     0.6055           +2.4%   14/20
  offline    1.8768         -202.4%   0/20

  offline vs online: -209.9% (offline better on 0/20)

  Saved: pic-results/online_vs_offline.json
================================================================================
