================================================================================
Phase 4 ¡ª Online per-drone learning: FROZEN vs ONLINE (single-flight)
================================================================================
  30 drones (long flights >= 200 frames)

  [ 1/30] 2025-04-23_12-51-21    frozen=0.440 online=0.462 (-5.0%) upd=3
  [ 2/30] 2025-04-30_10-24-44    frozen=1.205 online=1.164 (+3.3%) upd=3
  [ 3/30] 2025-04-30_17-08-44    frozen=0.370 online=0.375 (-1.6%) upd=3
  [ 4/30] 2025-04-05_11-40-04    frozen=0.352 online=0.330 (+6.3%) upd=2
  [ 5/30] 2025-04-24_09-27-51    frozen=0.516 online=0.529 (-2.7%) upd=3
  [ 6/30] 2025-04-08_11-28-21    frozen=0.323 online=0.276 (+14.5%) upd=3
  [ 7/30] 2025-04-06_11-05-05    frozen=0.371 online=0.336 (+9.3%) upd=4
  [ 8/30] 2025-04-17_11-13-53    frozen=0.401 online=0.396 (+1.3%) upd=4
  [ 9/30] 2025-04-19_10-00-10    frozen=1.382 online=1.376 (+0.5%) upd=3
  [10/30] 2025-04-25_16-19-12    frozen=0.746 online=0.746 (+0.0%) upd=3
  [11/30] 2025-04-23_15-48-15    frozen=1.095 online=1.084 (+1.0%) upd=4
  [12/30] 2025-04-24_10-00-13    frozen=0.610 online=0.606 (+0.6%) upd=4
  [13/30] 2025-04-20_09-57-01    frozen=0.604 online=0.525 (+13.1%) upd=4
  [14/30] 2025-04-11_08-52-12    frozen=0.397 online=0.362 (+8.8%) upd=3
  [15/30] 2025-04-30_15-32-43    frozen=0.481 online=0.478 (+0.5%) upd=3
  [16/30] 2025-04-28_16-00-28    frozen=0.770 online=0.692 (+10.0%) upd=4
  [17/30] 2025-04-17_10-47-58    frozen=0.394 online=0.392 (+0.5%) upd=3
  [18/30] 2025-04-28_10-54-22    frozen=0.241 online=0.268 (-11.1%) upd=3
  [19/30] 2025-04-28_15-49-04    frozen=1.214 online=1.224 (-0.8%) upd=5
  [20/30] 2025-04-20_09-33-05    frozen=0.503 online=0.477 (+5.2%) upd=4
  [21/30] 2025-04-29_13-41-46    frozen=0.300 online=0.349 (-16.3%) upd=3
  [22/30] 2025-04-23_16-37-07    frozen=1.391 online=1.374 (+1.3%) upd=4
  [23/30] 2025-04-06_11-27-13    frozen=0.479 online=0.449 (+6.2%) upd=3
  [24/30] 2025-04-24_09-08-23    frozen=0.347 online=0.393 (-13.2%) upd=4
  [25/30] 2025-04-29_17-00-11    frozen=0.383 online=0.385 (-0.7%) upd=3
  [26/30] 2025-04-21_16-41-25    frozen=1.374 online=1.318 (+4.1%) upd=4
  [27/30] 2025-04-23_10-01-35    frozen=1.140 online=1.166 (-2.3%) upd=4
  [28/30] 2025-04-08_16-53-29    frozen=0.477 online=0.463 (+3.0%) upd=3
  [29/30] 2025-04-23_09-45-43    frozen=0.665 online=0.659 (+1.0%) upd=3
  [30/30] 2025-04-24_12-01-49    frozen=0.473 online=0.472 (+0.2%) upd=4

================================================================================
ONLINE LEARNING RESULTS (30 drones)
================================================================================
                   FROZEN       ONLINE       Change    
  mean FDE         0.6481       0.6376          +1.6%
  median FDE       0.4799       0.4742      
  mean Dir(deg)    10.11        9.79            +3.1%
  online beats frozen on 21/30 drones

  Saved: pic-results/online_learning.json, online_learning.png
================================================================================
